// Jest Snapshot v1, https://goo.gl/fbAQLP

exports[`testing StudentData component Matches the snapshot 1`] = `
<tr>
  <td>
    <img
      alt="INGABERG ORTON profile"
      src="https://storage.googleapis.com/hatchways-app.appspot.com/ssessments/data/frontend/images/voluptasdictablanditiis.jpg"
    />
  </td>
  <td>
    <ul
      className="data_space"
    >
      <li>
        <div
          className="stu_name"
          style={
            Object {
              "width": "100%",
            }
          }
        >
          INGABERG ORTON
        </div>
      </li>
      <li
        className="stu_data"
      >
        Email: iorton0@imdb.com
      </li>
      <li
        className="stu_data"
      >
        Company: Yadel
      </li>
      <li
        className="stu_data"
      >
        Skill: Oracle
      </li>
      <li
        className="stu_data"
      >
        Average: 88.875%
      </li>
    </ul>
  </td>
</tr>
`;
